[BootStrap]
File1=1,,setup1.ex_,setup1.exe,$(WinPath),,,1/15/1997 23:00:00,164864,5.0.0.3716,"","",""
File2=1,,VB5StKit.dl_,VB5StKit.dll,$(WinSysPath),,$(Shared),1/15/1997 23:00:00,29696,5.0.37.16,"","",""
File3=1,,MSVBVM50.dl_,MSVBVM50.dll,$(WinSysPathSysFile),$(DLLSelfRegister),,4/8/2003 12:00:00,1355776,5.2.82.44,"","",""
File4=1,,StdOle2.tl_,StdOle2.tlb,$(WinSysPathSysFile),$(TLBRegister),,1/14/1997 23:00:00,16896,2.20.4054.1,"","",""
File5=1,,OleAut32.dl_,OleAut32.dll,$(WinSysPathSysFile),$(DLLSelfRegister),,1/14/1997 23:00:00,491792,2.20.4054.1,"","",""
File6=1,,OlePro32.dl_,OlePro32.dll,$(WinSysPathSysFile),$(DLLSelfRegister),,1/14/1997 23:00:00,32528,5.0.4055.1,"","",""
File7=1,,AsycFilt.dl_,AsycFilt.dll,$(WinSysPathSysFile),,,1/14/1997 23:00:00,120592,2.20.4056.1,"","",""
File8=1,,Ctl3d32.dl_,Ctl3d32.dll,$(WinSysPathSysFile),,,8/20/1996 23:00:00,27136,2.31.0.0,"","",""
File9=1,,ComCat.dl_,ComCat.dll,$(WinSysPathSysFile),$(DLLSelfRegister),,10/30/1996 23:00:00,22288,4.71.1441.1,"","",""
[Files]
File1=1,,bmo.ex_,bmo.exe,$(AppPath),,,3/5/2008 15:12:01,181248,2.1.0.0,"","Band Minus One version 2.1 demo","$(AppPath)\bmo.exe"
File2=1,,hhctrl.oc_,hhctrl.ocx,$(WinSysPath),,$(Shared),1/23/2007 20:31:46,546304,5.2.3790.2847,"","",""
File3=1,,comdlg32.oc_,comdlg32.ocx,$(WinSysPath),$(DLLSelfRegister),$(Shared),3/8/2004 23:00:00,152848,6.1.97.82,"","",""
File4=1,,Sirtaki.st_,Sirtaki.sty,$(AppPath),,,10/31/2003 14:06:32,11112,,"","",""
File5=1,,Ballad.st_,Ballad.sty,$(AppPath),,,11/4/2003 22:38:58,12654,,"","",""
File6=1,,Bluegrass.st_,Bluegrass.sty,$(AppPath),,,11/4/2003 22:38:22,13458,,"","",""
File7=1,,BluesBallad.st_,BluesBallad.sty,$(AppPath),,,10/22/2003 15:53:10,12287,,"","",""
File8=1,,CajunTwoStep.st_,CajunTwoStep.sty,$(AppPath),,,10/25/2003 21:43:26,15559,,"","",""
File9=1,,CajunWaltz.st_,CajunWaltz.sty,$(AppPath),,,10/26/2003 16:04:48,17534,,"","",""
File10=1,,Chacha.st_,Chacha.sty,$(AppPath),,,10/23/2003 16:05:08,22047,,"","",""
File11=1,,Country.st_,Country.sty,$(AppPath),,,10/20/2003 22:15:24,10492,,"","",""
File12=1,,CyberNoise.st_,CyberNoise.sty,$(AppPath),,,10/20/2003 11:56:12,21758,,"","",""
File13=1,,Dixieland.st_,Dixieland.sty,$(AppPath),,,10/23/2003 16:03:58,10589,,"","",""
File14=1,,ElectroFunk.st_,ElectroFunk.sty,$(AppPath),,,11/10/2003 15:17:08,23118,,"","",""
File15=1,,Fiesta.st_,Fiesta.sty,$(AppPath),,,10/14/2003 21:52:58,16757,,"","",""
File16=1,,HeavyMetal.st_,HeavyMetal.sty,$(AppPath),,,10/21/2003 22:27:54,17109,,"","",""
File17=1,,Jazz.st_,Jazz.sty,$(AppPath),,,10/28/2003 23:04:38,13402,,"","",""
File18=1,,March.st_,March.sty,$(AppPath),,,10/20/2003 16:13:52,9730,,"","",""
File19=1,,PopBallad.st_,PopBallad.sty,$(AppPath),,,1/26/2004 12:42:26,13522,,"","",""
File20=1,,Reggae.st_,Reggae.sty,$(AppPath),,,11/4/2003 22:39:34,15254,,"","",""
File21=1,,Rock&roll.st_,Rock&roll.sty,$(AppPath),,,11/15/2003 17:24:44,12456,,"","",""
File22=1,,RockShuffle.st_,RockShuffle.sty,$(AppPath),,,10/14/2003 21:58:08,16528,,"","",""
File23=1,,AngelGroove.st_,AngelGroove.sty,$(AppPath),,,10/31/2003 22:24:48,13573,,"","",""
File24=1,,SlowBallad.st_,SlowBallad.sty,$(AppPath),,,10/19/2003 20:37:48,10618,,"","",""
File25=1,,SlowWaltz.st_,SlowWaltz.sty,$(AppPath),,,10/19/2003 15:48:58,5434,,"","",""
File26=1,,Soul.st_,Soul.sty,$(AppPath),,,10/18/2003 17:15:10,12497,,"","",""
File27=1,,SouthernRock.st_,SouthernRock.sty,$(AppPath),,,10/21/2003 16:25:00,21410,,"","",""
File28=1,,SpaceFunk.st_,SpaceFunk.sty,$(AppPath),,,10/30/2003 20:33:48,15382,,"","",""
File29=1,,SwedishPop.st_,SwedishPop.sty,$(AppPath),,,2/6/2004 17:38:48,13682,,"","",""
File30=1,,Symphonic.st_,Symphonic.sty,$(AppPath),,,11/8/2003 16:24:34,18012,,"","",""
File31=1,,Techno.st_,Techno.sty,$(AppPath),,,10/16/2003 21:57:16,22614,,"","",""
File32=1,,TirolerPolka.st_,TirolerPolka.sty,$(AppPath),,,10/30/2003 20:36:10,10944,,"","",""
File33=1,,Waltz.st_,Waltz.sty,$(AppPath),,,11/4/2003 22:40:38,8765,,"","",""
File34=1,,The yellow rose of texas.sn_,The yellow rose of texas.sng,$(AppPath),,,7/26/2004 15:28:34,624,,"","",""
File35=1,,Go down Moses.sn_,Go down Moses.sng,$(AppPath),,,7/26/2004 15:26:44,1128,,"","",""
File36=1,,Home on the range.sn_,Home on the range.sng,$(AppPath),,,7/26/2004 15:27:42,867,,"","",""
File37=1,,Pack up your troubles.sn_,Pack up your troubles.sng,$(AppPath),,,7/26/2004 16:17:16,724,,"","",""
File38=1,,Playlist.sn_,Playlist.sng,$(AppPath),,,12/29/2002 18:15:52,255,,"","",""
File39=1,,Danny boy.sn_,Danny boy.sng,$(AppPath),,,7/26/2004 15:26:26,920,,"","",""
File40=1,,Patches.in_,Patches.ini,$(AppPath),,,8/27/1995 10:56:50,2236,,"","",""
File41=1,,bmo.CF_,bmo.CFG,$(AppPath),,,3/5/2008 14:56:58,338,,"","",""
File42=1,,bmo.ch_,bmo.chm,$(AppPath),,,3/4/2008 11:27:06,22732,,"","",""

[Setup]
Title=Band Minus One version 2.1 demo
DefProgramGroup=Band Minus One version 2.1 demo
DefaultDir=c:\JmSoftware\Band Minus One version 2.1 demo
Setup=setup1.exe
AppExe=bmo.exe
AppToUninstall=bmo.exe
AppPath=

; The following lines may be deleted in order to obtain extra 
; space for customizing this file on a full installation diskette.
; 
; XXXXXXXXXXXXXXXXXXXXXXXXXXXXXXXXXXXXXXXXXXXXXXXXXXXXXXXXXXXX
; XXXXXXXXXXXXXXXXXXXXXXXXXXXXXXXXXXXXXXXXXXXXXXXXXXXXXXXXXXXX
; XXXXXXXXXXXXXXXXXXXXXXXXXXXXXXXXXXXXXXXXXXXXXXXXXXXXXXXXXXXX
; XXXXXXXXXXXXXXXXXXXXXXXXXXXXXXXXXXXXXXXXXXXXXXXXXXXXXXXXXXXX
; XXXXXXXXXXXXXXXXXXXXXXXXXXXXXXXXXXXXXXXXXXXXXXXXXXXXXXXXXXXX
; XXXXXXXXXXXXXXXXXXXXXXXXXXXXXXXXXXXXXXXXXXXXXXXXXXXXXXXXXXXX
; XXXXXXXXXXXXXXXXXXXXXXXXXXXXXXXXXXXXXXXXXXXXXXXXXXXXXXXXXXXX
; XXXXXXXXXXXXXXXXXXXXXXXXXXXXXXXXXXXXXXXXXXXXXXXXXXXXXXXXXXXX
; XXXXXXXXXXXXXXXXXXXXXXXXXXXXXXXXXXXXXXXXXXXXXXXXXXXXXXXXXXXX
; XXXXXXXXXXXXXXXXXXXXXXXXXXXXXXXXXXXXXXXXXXXXXXXXXXXXXXXXXXXX
; XXXXXXXXXXXXXXXXXXXXXXXXXXXXXXXXXXXXXXXXXXXXXXXXXXXXXXXXXXXX
; XXXXXXXXXXXXXXXXXXXXXXXXXXXXXXXXXXXXXXXXXXXXXXXXXXXXXXXXXXXX
; XXXXXXXXXXXXXXXXXXXXXXXXXXXXXXXXXXXXXXXXXXXXXXXXXXXXXXXXXXXX
; XXXXXXXXXXXXXXXXXXXXXXXXXXXXXXXXXXXXXXXXXXXXXXXXXXXXXXXXXXXX
; XXXXXXXXXXXXXXXXXXXXXXXXXXXXXXXXXXXXXXXXXXXXXXXXXXXXXXXXXXXX
; XXXXXXXXXXXXXXXXXXXXXXXXXXXXXXXXXXXXXXXXXXXXXXXXXXXXXXXXXXXX
; XXXXXXXXXXXXXXXXXXXXXXXXXXXXXXXXXXXXXXXXXXXXXXXXXXXXXXXXXXXX
; XXXXXXXXXXXXXXXXXXXXXXXXXXXXXXXXXXXXXXXXXXXXXXXXXXXXXXXXXXXX
; XXXXXXXXXXXXXXXXXXXXXXXXXXXXXXXXXXXXXXXXXXXXXXXXXXXXXXXXXXXX
; XXXXXXXXXXXXXXXXXXXXXXXXXXXXXXXXXXXXXXXXXXXXXXXXXXXXXXXXXXXX
; XXXXXXXXXXXXXXXXXXXXXXXXXXXXXXXXXXXXXXXXXXXXXXXXXXXXXXXXXXXX
; XXXXXXXXXXXXXXXXXXXXXXXXXXXXXXXXXXXXXXXXXXXXXXXXXXXXXXXXXXXX
; XXXXXXXXXXXXXXXXXXXXXXXXXXXXXXXXXXXXXXXXXXXXXXXXXXXXXXXXXXXX
; XXXXXXXXXXXXXXXXXXXXXXXXXXXXXXXXXXXXXXXXXXXXXXXXXXXXXXXXXXXX
; XXXXXXXXXXXXXXXXXXXXXXXXXXXXXXXXXXXXXXXXXXXXXXXXXXXXXXXXXXXX
; XXXXXXXXXXXXXXXXXXXXXXXXXXXXXXXXXXXXXXXXXXXXXXXXXXXXXXXXXXXX
; XXXXXXXXXXXXXXXXXXXXXXXXXXXXXXXXXXXXXXXXXXXXXXXXXXXXXXXXXXXX
; XXXXXXXXXXXXXXXXXXXXXXXXXXXXXXXXXXXXXXXXXXXXXXXXXXXXXXXXXXXX
; XXXXXXXXXXXXXXXXXXXXXXXXXXXXXXXXXXXXXXXXXXXXXXXXXXXXXXXXXXXX
; XXXXXXXXXXXXXXXXXXXXXXXXXXXXXXXXXXXXXXXXXXXXXXXXXXXXXXXXXXXX
; XXXXXXXXXXXXXXXXXXXXXXXXXXXXXXXXXXXXXXXXXXXXXXXXXXXXXXXXXXXX
; XXXXXXXXXXXXXXXXXXXXXXXXXXXXXXXXXXXXXXXXXXXXXXXXXXXXXXXXXXXX
; XXXXXXXXXXXXXXXXXXXXXXXXXXXXXXXXXXXXXXXXXXXXXXXXXXXXXXXXXXXX
; XXXXXXXXXXXXXXXXXXXXXXXXXXXXXXXXXXXXXXXXXXXXXXXXXXXXXXXXXXXX
; XXXXXXXXXXXXXXXXXXXXXXXXXXXXXXXXXXXXXXXXXXXXXXXXXXXXXXXXXXXX
; XXXXXXXXXXXXXXXXXXXXXXXXXXXXXXXXXXXXXXXXXXXXXXXXXXXXXXXXXXXX
; XXXXXXXXXXXXXXXXXXXXXXXXXXXXXXXXXXXXXXXXXXXXXXXXXXXXXXXXXXXX
; XXXXXXXXXXXXXXXXXXXXXXXXXXXXXXXXXXXXXXXXXXXXXXXXXXXXXXXXXXXX
; XXXXXXXXXXXXXXXXXXXXXXXXXXXXXXXXXXXXXXXXXXXXXXXXXXXXXXXXXXXX
; XXXXXXXXXXXXXXXXXXXXXXXXXXXXXXXXXXXXXXXXXXXXXXXXXXXXXXXXXXXX
; XXXXXXXXXXXXXXXXXXXXXXXXXXXXXXXXXXXXXXXXXXXXXXXXXXXXXXXXXXXX
; XXXXXXXXXXXXXXXXXXXXXXXXXXXXXXXXXXXXXXXXXXXXXXXXXXXXXXXXXXXX
; XXXXXXXXXXXXXXXXXXXXXXXXXXXXXXXXXXXXXXXXXXXXXXXXXXXXXXXXXXXX
; XXXXXXXXXXXXXXXXXXXXXXXXXXXXXXXXXXXXXXXXXXXXXXXXXXXXXXXXXXXX
; XXXXXXXXXXXXXXXXXXXXXXXXXXXXXXXXXXXXXXXXXXXXXXXXXXXXXXXXXXXX
; XXXXXXXXXXXXXXXXXXXXXXXXXXXXXXXXXXXXXXXXXXXXXXXXXXXXXXXXXXXX
; XXXXXXXXXXXXXXXXXXXXXXXXXXXXXXXXXXXXXXXXXXXXXXXXXXXXXXXXXXXX
; XXXXXXXXXXXXXXXXXXXXXXXXXXXXXXXXXXXXXXXXXXXXXXXXXXXXXXXXXXXX
; XXXXXXXXXXXXXXXXXXXXXXXXXXXXXXXXXXXXXXXXXXXXXXXXXXXXXXXXXXXX
; XXXXXXXXXXXXXXXXXXXXXXXXXXXXXXXXXXXXXXXXXXXXXXXXXXXXXXXXXXXX
; XXXXXXXXXXXXXXXXXXXXXXXXXXXXXXXXXXXXXXXXXXXXXXXXXXXXXXXXXXXX
; XXXXXXXXXXXXXXXXXXXXXXXXXXXXXXXXXXXXXXXXXXXXXXXXXXXXXXXXXXXX
; XXXXXXXXXXXXXXXXXXXXXXXXXXXXXXXXXXXXXXXXXXXXXXXXXXXXXXXXXXXX
; XXXXXXXXXXXXXXXXXXXXXXXXXXXXXXXXXXXXXXXXXXXXXXXXXXXXXXXXXXXX
; XXXXXXXXXXXXXXXXXXXXXXXXXXXXXXXXXXXXXXXXXXXXXXXXXXXXXXXXXXXX
; XXXXXXXXXXXXXXXXXXXXXXXXXXXXXXXXXXXXXXXXXXXXXXXXXXXXXXXXXXXX
; XXXXXXXXXXXXXXXXXXXXXXXXXXXXXXXXXXXXXXXXXXXXXXXXXXXXXXXXXXXX
; XXXXXXXXXXXXXXXXXXXXXXXXXXXXXXXXXXXXXXXXXXXXXXXXXXXXXXXXXXXX
; XXXXXXXXXXXXXXXXXXXXXXXXXXXXXXXXXXXXXXXXXXXXXXXXXXXXXXXXXXXX
; XXXXXXXXXXXXXXXXXXXXXXXXXXXXXXXXXXXXXXXXXXXXXXXXXXXXXXXXXXXX
; XXXXXXXXXXXXXXXXXXXXXXXXXXXXXXXXXXXXXXXXXXXXXXXXXXXXXXXXXXXX
; XXXXXXXXXXXXXXXXXXXXXXXXXXXXXXXXXXXXXXXXXXXXXXXXXXXXXXXXXXXX
; XXXXXXXXXXXXXXXXXXXXXXXXXXXXXXXXXXXXXXXXXXXXXXXXXXXXXXXXXXXX
; XXXXXXXXXXXXXXXXXXXXXXXXXXXXXXXXXXXXXXXXXXXXXXXXXXXXXXXXXXXX
; XXXXXXXXXXXXXXXXXXXXXXXXXXXXXXXXXXXXXXXXXXXXXXXXXXXXXXXXXXXX
; XXXXXXXXXXXXXXXXXXXXXXXXXXXXXXXXXXXXXXXXXXXXXXXXXXXXXXXXXXXX
; XXXXXXXXXXXXXXXXXXXXXXXXXXXXXXXXXXXXXXXXXXXXXXXXXXXXXXXXXXXX
; XXXXXXXXXXXXXXXXXXXXXXXXXXXXXXXXXXXXXXXXXXXXXXXXXXXXXXXXXXXX
; XXXXXXXXXXXXXXXXXXXXXXXXXXXXXXXXXXXXXXXXXXXXXXXXXXXXXXXXXXXX
; XXXXXXXXXXXXXXXXXXXXXXXXXXXXXXXXXXXXXXXXXXXXXXXXXXXXXXXXXXXX
; XXXXXXXXXXXXXXXXXXXXXXXXXXXXXXXXXXXXXXXXXXXXXXXXXXXXXXXXXXXX
; XXXXXXXXXXXXXXXXXXXXXXXXXXXXXXXXXXXXXXXXXXXXXXXXXXXXXXXXXXXX
; XXXXXXXXXXXXXXXXXXXXXXXXXXXXXXXXXXXXXXXXXXXXXXXXXXXXXXXXXXXX
; XXXXXXXXXXXXXXXXXXXXXXXXXXXXXXXXXXXXXXXXXXXXXXXXXXXXXXXXXXXX
; XXXXXXXXXXXXXXXXXXXXXXXXXXXXXXXXXXXXXXXXXXXXXXXXXXXXXXXXXXXX
; XXXXXXXXXXXXXXXXXXXXXXXXXXXXXXXXXXXXXXXXXXXXXXXXXXXXXXXXXXXX
; XXXXXXXXXXXXXXXXXXXXXXXXXXXXXXXXXXXXXXXXXXXXXXXXXXXXXXXXXXXX
; XXXXXXXXXXXXXXXXXXXXXXXXXXXXXXXXXXXXXXXXXXXXXXXXXXXXXXXXXXXX
; XXXXXXXXXXXXXXXXXXXXXXXXXXXXXXXXXXXXXXXXXXXXXXXXXXXXXXXXXXXX
; XXXXXXXXXXXXXXXXXXXXXXXXXXXXXXXXXXXXXXXXXXXXXXXXXXXXXXXXXXXX
; XXXXXXXXXXXXXXXXXXXXXXXXXXXXXXXXXXXXXXXXXXXXXXXXXXXXXXXXXXXX
; XXXXXXXXXXXXXXXXXXXXXXXXXXXXXXXXXXXXXXXXXXXXXXXXXXXXXXXXXXXX
; XXXXXXXXXXXXXXXXXXXXXXXXXXXXXXXXXXXXXXXXXXXXXXXXXXXXXXXXXXXX
; XXXXXXXXXXXXXXXXXXXXXXXXXXXXXXXXXXXXXXXXXXXXXXXXXXXXXXXXXXXX
; XXXXXXXXXXXXXXXXXXXXXXXXXXXXXXXXXXXXXXXXXXXXXXXXXXXXXXXXXXXX
; XXXXXXXXXXXXXXXXXXXXXXXXXXXXXXXXXXXXXXXXXXXXXXXXXXXXXXXXXXXX
